完结番订阅默认值 + 「补下往期」：真实数据验证日志

站点：真实 mikanani.me（非 mock）
番剧：蜜柑 #4020「Grow Up Show ～向日葵马戏团～」，放送开始 7/4/2026、总集数 13
      最后一集按「开播 + (13-1) 周」= 2026-09-26 上线，验证时（2026-10-09）已播完 13 天

--- 1. 改之前的实际行为（旧二进制，本地实例复现）---
POST /api/v1/bangumi/subscribe（默认，不勾「连往期一起下」）→ 订阅 id=10 [Nix-Raws]
  首次轮询把起点定在第 13 集（最新一集）
  feed 26 条 → 投递 1 条（只有 E13），其余 24 条记「集数低于起始集」
  同批勾了「连往期一起下」的 id=11 [LoliHouse]：feed 14 条 → 投递 13 条（E1~E13）
  ⇒ 复现了用户报的现象：订阅一部完结番，只拿到最后一集，前面 12 集全被起点挡掉。

--- 2. 页面判定（GET /subscribe?id=4020）---
  已播完标记: 是
  勾选框: <input type="checkbox" name="backfill" value="1" checked>
  backfill_chosen 隐藏字段: 有（把「用户主动去掉勾」与「没人表过态」分开）
  页面说明: 这部已经播完（共 13 集），默认连往期一起下；只要后面新出的，把下面的勾去掉。

--- 3. 新订阅：脚本直接打接口（不带任何 backfill 字段）→ 自动连往期 ---
POST /api/v1/bangumi/subscribe {mikan_id=4020, sg=615} → HTTP 303
  订阅 id=13 [Kirara Fantasia]  start_ep=0.0   （改之前这里会是 13）
  feed 39 条 → 投递 13 条，被起点挡掉 0 条，合集条目 0 条
  投递集数: [1 2 3 4 5 6 7 8 9 10 11 12 13]
  其余 26 条按「同集已有更优版本」挡掉（多字幕组/多版本重复发布，不重复下载）

--- 4. 已订阅了才想补往期（面板按钮 → POST /api/v1/subscriptions/{id}/backfill）---
  补之前: sub 10 [Nix-Raws] start_ep=13，被「集数低于起始集」挡住 24 条
  页面:   订阅行出现「补下往期 24」按钮（只在真有被挡条目时显示）
  补之后: start_ep=0，被挡记录 0 条，下一轮投递 13 条（E1~E13）
  说明:   只把起始集数改小是没用的 —— 被挡的条目已按 guid 落库，
          下一轮会当成「已处理过」跳过；所以这个动作是「退起点 + 清掉这批记录 + 立刻重跑」。

--- 5. 目标架构（armv7 二进制 + qemu-arm-static）上同一条接口 ---
POST /api/v1/subscriptions/1/backfill → HTTP 303
  start_ep 1.0 → 0.0
  事件流: 葬送的芙莉莲：补下往期（起点退到第 1 集，清掉 0 条被挡记录）
  面板 GET / 200、/healthz 200，日志 目标=linux/arm
